apiVersion: v1
kind: Namespace
metadata:
  annotations:
    argocd.argoproj.io/sync-wave: '-10'
  labels:
    app.kubernetes.io/name: target-namespace
  name: target-namespace
